Just ["cryptix","provider","md"]
Just ["cryptix","provider","cipher"]
Just ["cryptix","provider","cipher"]
Just ["cryptix","provider","cipher"]
Just ["cryptix","provider","cipher"]
Just ["cryptix","provider","cipher"]
Just ["cryptix","provider","cipher"]
Just ["cryptix","provider","md"]
Just ["cryptix","tools"]
Just ["cryptix","provider","cipher"]
Just ["cryptix","tools"]
Just ["cryptix","provider","cipher"]
Just ["cryptix","tools"]
Just ["cryptix","provider","md"]
Just ["cryptix","provider","md"]
Just ["cryptix","provider","md"]
Just ["cryptix","provider","cipher"]
Just ["cryptix","provider","cipher"]
Just ["cryptix","provider","cipher"]
Just ["cryptix","provider","cipher"]
Just ["cryptix","provider","md"]
Just ["cryptix","provider","md"]
Just ["cryptix","provider","cipher"]
Just ["cryptix","tools"]
Just ["cryptix","provider","md"]
Just ["cryptix","provider","md"]
Just ["cryptix","provider","cipher"]
Just ["cryptix","provider","cipher"]
Just ["cryptix","test"]
Just ["cryptix","test"]
Just ["cryptix","test"]
Just ["cryptix","test"]
Just ["cryptix","test"]
Just ["cryptix","test"]
Just ["cryptix","test"]
Just ["cryptix","test"]
Just ["cryptix","test"]
Just ["cryptix","test"]
Just ["cryptix","test"]
Just ["cryptix","test"]
Just ["cryptix","test"]
Just ["cryptix","test"]
Just ["cryptix","test"]
Just ["cryptix","test"]
Just ["cryptix","test"]
Just ["cryptix","test"]
Just ["cryptix","test"]
Just ["cryptix","test"]
Just ["cryptix","test"]
Just ["cryptix","test"]
Just ["cryptix","test"]
Just ["cryptix","test"]
Just ["cryptix","test"]
Just ["cryptix","test"]
Just ["cryptix","test"]
Just ["cryptix","test"]
Just ["cryptix","test"]
Just ["cryptix","test"]
Just ["cryptix","test"]
Just ["cryptix","tools"]
Ok
