Feature config: vsids, restarts
72 variables, 297 clauses
Solving hole8.cnf ...
Num. Conflicts        48829             
Num. Learned Clauses  3276              
 --> Avg. Lits/Clause 14.622405372405373
Num. Decisions        51686             
Num. Propagations     690063            
Verifying solution...succeeded.
