"iven inevi"
"oo-goo--goo-goo-goo\"\r\n"
" no man; even amon"
"here were h"
"se; Odette does"
