              0.00              500.00             1000.00             2000.00  
              0.40             2797.00              701.00             7490.00  
              1.00              160.00              921.00              355.00  
              1.14             1935.00             1094.00             8783.00  
              1.79             2302.00              511.00             4393.00  
              1.94               23.00             5348.00              933.00  
              2.51             2564.00              797.00             8323.00  
              3.16             1639.00              447.00             2810.00  
              3.24              504.00             1918.00             6740.00  
              3.91             2823.00              582.00             7243.00  
              4.34               42.00             1987.00              167.00  
              4.65             2098.00              954.00             8700.00  
